INFO:root:Test case 1 RF 1
INFO:root:Pass using debugger
INFO:root:End test case
INFO:root:Test case 2 RF 2
INFO:root:the user name is Santi
INFO:root:
INFO:root:End test case
INFO:root:Test case 3 RF 3
INFO:root:passed using debbuger
INFO:root:End test case
INFO:root:Test case 4 RF 4
ERROR:root:Failed, the names returned are[1, 3]
INFO:root:End test case
INFO:root:Test case 5 RNF 1
INFO:root:Passed
INFO:root:End test case
